// Jest Snapshot v1, https://goo.gl/fbAQLP

exports[`GifItem should do match with snapshot 1`] = `
<div>
  <div
    class="card"
  >
    <img
      alt="Demo title"
      src="http://demo.url.com/img.jpg"
    />
    <p>
      Demo title
    </p>
  </div>
</div>
`;
